
Merging object attributes


There are no discarded input sections

Memory Configuration

Name             Origin             Length             Attributes
BRAM             0x00000000         0x00004000         xrw
*default*        0x00000000         0xffffffff

Linker script and memory map


everything      0x00000000      0x4d2
                0x00000000                        . = ALIGN (0x4)
 SORT_BY_NAME(REVERSE(call_test.o))()
 .text          0x00000000       0x48 call_test.o
 .data          0x00000048       0x23 call_test.o
 .bss           0x0000006b        0x0 call_test.o
 .riscv.attributes
                0x0000006b       0x1a call_test.o
 SORT_BY_NAME(REVERSE(get_number.o))()
 *fill*         0x00000085        0x3 
 .text          0x00000088       0x80 get_number.o
                0x00000088                get_number
 .data          0x00000108        0x0 get_number.o
 .bss           0x00000108        0x0 get_number.o
 .riscv.attributes
                0x00000108       0x1a get_number.o
 SORT_BY_NAME(REVERSE(bin2bcd.o))()
 *fill*         0x00000122        0x2 
 .text          0x00000124       0xa8 bin2bcd.o
                0x00000124                bin2bcd
 .data          0x000001cc        0x0 bin2bcd.o
 .bss           0x000001cc        0x0 bin2bcd.o
 .riscv.attributes
                0x000001cc       0x1a bin2bcd.o
 SORT_BY_NAME(REVERSE(bcd2bin.o))()
 *fill*         0x000001e6        0x2 
 .text          0x000001e8       0x4c bcd2bin.o
                0x000001e8                bcd2bin
 .data          0x00000234        0x0 bcd2bin.o
 .bss           0x00000234        0x0 bcd2bin.o
 .riscv.attributes
                0x00000234       0x1a bcd2bin.o
 SORT_BY_NAME(REVERSE(bin_to_bcd.o))()
 *fill*         0x0000024e        0x2 
 .text          0x00000250      0x10c bin_to_bcd.o
                0x00000250                bin_to_bcd
 .data          0x0000035c        0x0 bin_to_bcd.o
 .bss           0x0000035c        0x0 bin_to_bcd.o
 .riscv.attributes
                0x0000035c       0x1a bin_to_bcd.o
 SORT_BY_NAME(REVERSE(putchar.o))()
 *fill*         0x00000376        0x2 
 .text          0x00000378       0x4c putchar.o
                0x00000378                putchar
 .data          0x000003c4        0x0 putchar.o
 .bss           0x000003c4        0x0 putchar.o
 .riscv.attributes
                0x000003c4       0x1a putchar.o
 SORT_BY_NAME(REVERSE(getchar.o))()
 *fill*         0x000003de        0x2 
 .text          0x000003e0       0x3c getchar.o
                0x000003e0                getchar
 .data          0x0000041c        0x0 getchar.o
 .bss           0x0000041c        0x0 getchar.o
 .riscv.attributes
                0x0000041c       0x1a getchar.o
 putstring.o(.text)
 *fill*         0x00000436        0x2 
 .text          0x00000438       0x34 putstring.o
                0x00000438                putstring
 *(.*)
 .data          0x0000046c        0x0 putstring.o
 .bss           0x0000046c        0x0 putstring.o
 .riscv.attributes
                0x0000046c       0x1a putstring.o
 *fill*         0x00000486        0x2 
 .text          0x00000488       0x30 test.o
                0x00000488                test
 .data          0x000004b8        0x0 test.o
 .bss           0x000004b8        0x0 test.o
 .riscv.attributes
                0x000004b8       0x1a test.o
LOAD call_test.o
LOAD get_number.o
LOAD bin2bcd.o
LOAD bcd2bin.o
LOAD bin_to_bcd.o
LOAD putchar.o
LOAD getchar.o
LOAD putstring.o
LOAD test.o
OUTPUT(firmware.elf elf32-littleriscv)
