
Memory Configuration

Name             Origin             Length             Attributes
BRAM             0x0000000000000000 0x0000000000004000 xrw
*default*        0x0000000000000000 0xffffffffffffffff

Linker script and memory map


everything      0x0000000000000000      0x65e
                0x0000000000000000                . = ALIGN (0x4)
 calculator.o(.text)
 .text          0x0000000000000000       0x90 calculator.o
 *(.*)
 .data          0x0000000000000090       0x34 calculator.o
 .bss           0x00000000000000c4        0x0 calculator.o
 .riscv.attributes
                0x00000000000000c4       0x1a calculator.o
 *fill*         0x00000000000000de        0x2 
 .text          0x00000000000000e0       0x98 get_number.o
                0x00000000000000e0                get_number
 .data          0x0000000000000178        0x0 get_number.o
 .bss           0x0000000000000178        0x0 get_number.o
 .riscv.attributes
                0x0000000000000178       0x1a get_number.o
 *fill*         0x0000000000000192        0x2 
 .text          0x0000000000000194       0xa8 bin2bcd.o
                0x0000000000000194                bin2bcd
 .data          0x000000000000023c        0x0 bin2bcd.o
 .bss           0x000000000000023c        0x0 bin2bcd.o
 .riscv.attributes
                0x000000000000023c       0x1a bin2bcd.o
 *fill*         0x0000000000000256        0x2 
 .text          0x0000000000000258       0x4c bcd2bin.o
                0x0000000000000258                bcd2bin
 .data          0x00000000000002a4        0x0 bcd2bin.o
 .bss           0x00000000000002a4        0x0 bcd2bin.o
 .riscv.attributes
                0x00000000000002a4       0x1a bcd2bin.o
 *fill*         0x00000000000002be        0x2 
 .text          0x00000000000002c0      0x10c bin_to_bcd.o
                0x00000000000002c0                bin_to_bcd
 .data          0x00000000000003cc        0x0 bin_to_bcd.o
 .bss           0x00000000000003cc        0x0 bin_to_bcd.o
 .riscv.attributes
                0x00000000000003cc       0x1a bin_to_bcd.o
 *fill*         0x00000000000003e6        0x2 
 .text          0x00000000000003e8       0x2c sqrt.o
                0x00000000000003e8                sqrt
 .data          0x0000000000000414        0x0 sqrt.o
 .bss           0x0000000000000414        0x0 sqrt.o
 .riscv.attributes
                0x0000000000000414       0x1a sqrt.o
 *fill*         0x000000000000042e        0x2 
 .text          0x0000000000000430       0x78 mult.o
                0x0000000000000430                mult
                0x0000000000000478                mult_hw
 .data          0x00000000000004a8        0x0 mult.o
 .bss           0x00000000000004a8        0x0 mult.o
 .riscv.attributes
                0x00000000000004a8       0x1a mult.o
 *fill*         0x00000000000004c2        0x2 
 .text          0x00000000000004c4       0x90 div.o
                0x00000000000004c4                div
                0x0000000000000524                div_hw
 .data          0x0000000000000554        0x0 div.o
 .bss           0x0000000000000554        0x0 div.o
 .riscv.attributes
                0x0000000000000554       0x1a div.o
 *fill*         0x000000000000056e        0x2 
 .text          0x0000000000000570       0x24 wait.o
                0x0000000000000570                wait
 .data          0x0000000000000594        0x0 wait.o
 .bss           0x0000000000000594        0x0 wait.o
 .riscv.attributes
                0x0000000000000594       0x1a wait.o
 *fill*         0x00000000000005ae        0x2 
 .text          0x00000000000005b0       0x44 putchar.o
                0x00000000000005b0                putchar
 .data          0x00000000000005f4        0x0 putchar.o
 .bss           0x00000000000005f4        0x0 putchar.o
 .riscv.attributes
                0x00000000000005f4       0x1a putchar.o
 *fill*         0x000000000000060e        0x2 
 .text          0x0000000000000610       0x34 getchar.o
                0x0000000000000610                getchar
 .data          0x0000000000000644        0x0 getchar.o
 .bss           0x0000000000000644        0x0 getchar.o
 .riscv.attributes
                0x0000000000000644       0x1a getchar.o
LOAD get_number.o
LOAD bin2bcd.o
LOAD bcd2bin.o
LOAD bin_to_bcd.o
LOAD sqrt.o
LOAD mult.o
LOAD div.o
LOAD wait.o
LOAD putchar.o
LOAD getchar.o
LOAD calculator.o
OUTPUT(firmware.elf elf32-littleriscv)
